---
source: crates/code-graph-tools/tests/snapshot_responses.rs
expression: parsed
---
{
  "limit": 100,
  "next_offset": null,
  "offset": 0,
  "results": [
    {
      "id": "[testdata]/reader.go:MyReader",
      "kind": "struct",
      "line": 7,
      "name": "MyReader",
      "namespace": "main"
    },
    {
      "id": "[testdata]/reader.go:MyReader::Read",
      "kind": "method",
      "line": 9,
      "name": "Read",
      "namespace": "main",
      "parent": "MyReader"
    },
    {
      "id": "[testdata]/reader.go:Reader",
      "kind": "interface",
      "line": 3,
      "name": "Reader",
      "namespace": "main"
    }
  ],
  "total": 3,
  "truncated": false
}
