---
source: crates/code-graph-tools/tests/snapshot_responses.rs
assertion_line: 439
expression: parsed
---
{
  "limit": 20,
  "next_offset": null,
  "offset": 0,
  "results": [
    {
      "files": [
        "[testdata]/circular_a.h",
        "[testdata]/circular_b.h"
      ],
      "truncated": false
    }
  ],
  "total": 1,
  "truncated": false
}
