---
source: crates/code-graph-tools/tests/snapshot_responses.rs
expression: parsed
---
{
  "limit": 20,
  "next_offset": null,
  "offset": 0,
  "results": [
    {
      "id": "[testdata]/foo.py:helper",
      "kind": "function",
      "line": 11,
      "name": "helper"
    }
  ],
  "total": 1,
  "truncated": false
}
