---
source: crates/code-graph-tools/tests/snapshot_tools_list.rs
assertion_line: 81
expression: "tool_entry(\"detect_cycles\")"
---
{
  "name": "detect_cycles",
  "description": "Detect circular include dependencies (strongly-connected components of the include graph). Returns the {results, total, offset, limit, truncated, next_offset} envelope; each `results[i]` is a Vec<String> of file paths in one cycle. Cycles are sorted internally by path; the outer list is sorted by each cycle's first path so pagination is deterministic across calls. Default limit 20 (max 1000); raise `limit` for more cycles per page (toward the 1000 cap), or use `offset` to page through (when `truncated=true`, re-call with `offset = next_offset`). Cycles are rare in well-maintained codebases, so the default is small. NOTE: the byte budget at [response].max_bytes does not truncate cycle lists — `detect_cycles` builds the full result set before slicing, so `truncated` is always `false` and `next_offset` is always `null` here. Consult `truncated` rather than `results.length` to detect partial pages.",
  "inputSchema": {
    "$schema": "https://json-schema.org/draft/2020-12/schema",
    "properties": {
      "limit": {
        "default": null,
        "description": "Maximum cycles to return (default 20, max 1000)",
        "format": "uint32",
        "minimum": 0,
        "type": [
          "integer",
          "null"
        ]
      },
      "max_cycle_size": {
        "default": null,
        "description": "Maximum file paths to keep per cycle (default 50, max 500). Cycles longer than this have their `files` list truncated; the cycle then carries `truncated: true` and `original_len` = the pre-truncation file count.",
        "format": "uint32",
        "minimum": 0,
        "type": [
          "integer",
          "null"
        ]
      },
      "offset": {
        "default": null,
        "description": "Skip first N cycles for pagination (default 0)",
        "format": "uint32",
        "minimum": 0,
        "type": [
          "integer",
          "null"
        ]
      }
    },
    "title": "DetectCyclesArgs",
    "type": "object"
  }
}
