---
source: crates/code-graph-tools/tests/snapshot_tools_list.rs
expression: "tool_entry(\"analyze_codebase\")"
---
{
  "name": "analyze_codebase",
  "description": "Index a codebase (C/C++, Rust, Go, Python, C#, Java) and build the code graph. Must be called before any query tools. `path` is required; `force` is optional (default false) and bypasses the cache. Concurrent analyzes are serialized: the running scan is unchanged, while pending canonical paths compact by containment and OR `force`; this synchronous call waits for its satisfying terminal `{ files, symbols, edges, root_path, warnings }` result or error.",
  "inputSchema": {
    "$schema": "https://json-schema.org/draft/2020-12/schema",
    "properties": {
      "force": {
        "default": null,
        "description": "Force full re-index, ignoring any cache (default false)",
        "type": [
          "boolean",
          "null"
        ]
      },
      "path": {
        "description": "Absolute path to the directory to index",
        "type": "string"
      }
    },
    "required": [
      "path"
    ],
    "title": "AnalyzeCodebaseArgs",
    "type": "object"
  }
}
