---
source: crates/code-graph-tools/tests/snapshot_responses.rs
expression: parsed
---
{
  "limit": 20,
  "next_offset": null,
  "offset": 0,
  "results": [
    {
      "id": "[testdata]/foo.go:helper",
      "kind": "function",
      "line": 12,
      "name": "helper",
      "namespace": "mixed"
    }
  ],
  "total": 1,
  "truncated": false
}
