---
source: crates/code-graph-tools/tests/snapshot_tools_list.rs
expression: "tool_entry(\"analyze_codebase_async\")"
---
{
  "name": "analyze_codebase_async",
  "description": "Kick off `analyze_codebase` on a background task and return immediately (< 1KB, sub-second) with `{ job_id, status, started_at, existing, note }`. Args: required absolute `path`; optional `force` (default false; true bypasses cached entries within the requested scope). `status` is `\"running\"` when started immediately or `\"queued\"` behind another analyze; every request is admitted distinctly and `existing` is false. **Primary polling:** call `get_job_status(job_id)` while status is `\"queued\"` or `\"running\"`; its terminal `result` is byte-identical to `analyze_codebase`'s success body and terminal `error` carries failures. `get_status` is instead the current-job and FIFO queue diagnostic (`analyze_job_pending_count`, `analyze_job_pending_ids`). Prefer async on large codebases where the client's wall-clock `MCP_TOOL_TIMEOUT` could fire.",
  "inputSchema": {
    "$schema": "https://json-schema.org/draft/2020-12/schema",
    "properties": {
      "force": {
        "default": null,
        "description": "Force full re-index, ignoring any cache (default false)",
        "type": [
          "boolean",
          "null"
        ]
      },
      "path": {
        "description": "Absolute path to the directory to index",
        "type": "string"
      }
    },
    "required": [
      "path"
    ],
    "title": "AnalyzeCodebaseAsyncArgs",
    "type": "object"
  }
}
