---
source: crates/code-graph-tools/tests/snapshot_responses.rs
expression: parsed
---
{
  "limit": 20,
  "next_offset": null,
  "offset": 0,
  "results": [
    {
      "file": "[testdata]/engine.cpp",
      "id": "[testdata]/engine.cpp:DebugEngine::dumpState",
      "kind": "method",
      "line": 20,
      "name": "dumpState",
      "parent": "DebugEngine"
    },
    {
      "file": "[testdata]/engine.cpp",
      "id": "[testdata]/engine.cpp:Engine::Engine",
      "kind": "method",
      "line": 4,
      "name": "Engine",
      "parent": "Engine"
    },
    {
      "file": "[testdata]/main.cpp",
      "id": "[testdata]/main.cpp:main",
      "kind": "function",
      "line": 9,
      "name": "main"
    },
    {
      "file": "[testdata]/orphan.cpp",
      "id": "[testdata]/orphan.cpp:alsoOrphaned",
      "kind": "function",
      "line": 7,
      "name": "alsoOrphaned"
    },
    {
      "file": "[testdata]/orphan.cpp",
      "id": "[testdata]/orphan.cpp:neverCalled",
      "kind": "function",
      "line": 3,
      "name": "neverCalled"
    }
  ],
  "total": 5,
  "truncated": false
}
