---
source: crates/code-graph-tools/tests/snapshot_tools_list.rs
expression: "tool_entry(\"get_class_hierarchy\")"
---
{
  "name": "get_class_hierarchy",
  "description": "Get the inheritance tree for a class (base classes and derived classes). Returns the {hierarchy, truncated, max_nodes, total_nodes_seen} envelope: `hierarchy` is the tree rooted at the queried class; `truncated` flags whether the `max_nodes` budget cut off any children; `total_nodes_seen` is the count of unique class names actually walked. Diamond inheritance counts each shared ancestor once in the budget, regardless of how many paths reach it. Default `max_nodes` is 250 (max 1000) — sized to fit most hierarchies under the MCP token ceiling, but a single deep inheritance tree (e.g. UE's UObject) can exceed it. Watch for `truncated: true` and raise `max_nodes` (or narrow `depth`) when it fires.",
  "inputSchema": {
    "$schema": "https://json-schema.org/draft/2020-12/schema",
    "properties": {
      "class": {
        "description": "Class name to look up",
        "type": "string"
      },
      "depth": {
        "default": null,
        "description": "Traversal depth for transitive inheritance (default 1 = direct only)",
        "format": "uint32",
        "minimum": 0,
        "type": [
          "integer",
          "null"
        ]
      },
      "max_nodes": {
        "default": null,
        "description": "Maximum unique class names to include in the returned tree (default 250, max 1000). Each unique name counts once even when reached via multiple inheritance paths (diamonds), so a shared ancestor doesn't burn the budget twice. The response includes `truncated: true` and the partial tree when the budget is hit; raise this for deep hierarchies (e.g. UE's UObject).",
        "format": "uint32",
        "minimum": 0,
        "type": [
          "integer",
          "null"
        ]
      }
    },
    "required": [
      "class"
    ],
    "title": "GetClassHierarchyArgs",
    "type": "object"
  }
}
