---
source: crates/code-graph-tools/tests/snapshot_responses.rs
expression: parsed
---
{
  "limit": 100,
  "next_offset": null,
  "offset": 0,
  "results": [
    {
      "count": 4,
      "kind": "class",
      "namespace": "<global>"
    },
    {
      "count": 1,
      "kind": "enum",
      "namespace": "<global>"
    },
    {
      "count": 3,
      "kind": "function",
      "namespace": "<global>"
    },
    {
      "count": 5,
      "kind": "method",
      "namespace": "<global>"
    },
    {
      "count": 1,
      "kind": "struct",
      "namespace": "<global>"
    },
    {
      "count": 1,
      "kind": "typedef",
      "namespace": "<global>"
    },
    {
      "count": 3,
      "kind": "function",
      "namespace": "utils"
    }
  ],
  "total": 7,
  "truncated": false
}
